// Jest Snapshot v1, https://goo.gl/fbAQLP

exports[`<Button /> render button component 1`] = `
<DocumentFragment>
  <button
    class="sc-bdVaJa ljraLK"
    data-testid="button-global"
  >
    hello
  </button>
</DocumentFragment>
`;
