// Jest Snapshot v1, https://goo.gl/fbAQLP

exports[`renders headline component 1`] = `
<DocumentFragment>
  <h1
    class="sc-bdVaJa cFuNTo"
  />
</DocumentFragment>
`;
