// Jest Snapshot v1, https://goo.gl/fbAQLP

exports[`render TextInput component 1`] = `
<DocumentFragment>
  <input
    aria-label="input"
    class="sc-bdVaJa jhJpaq"
  />
</DocumentFragment>
`;
